
> frontend@0.0.0 build
> tsc -b && vite build

src/pages/admin/AdminVehicles.tsx(2,86): error TS6133: 'Eye' is declared but its value is never read.
src/pages/admin/AdminVehicles.tsx(164,11): error TS6133: 'getImageCount' is declared but its value is never read.
src/pages/admin/Dashboard.tsx(5,5): error TS6133: 'Users' is declared but its value is never read.
src/pages/admin/Dashboard.tsx(11,5): error TS6133: 'ArrowUpRight' is declared but its value is never read.
src/pages/admin/Dashboard.tsx(14,5): error TS6133: 'LayoutDashboard' is declared but its value is never read.
src/pages/admin/Reservations.tsx(9,15): error TS6133: 'FilterIcon' is declared but its value is never read.
src/pages/admin/Reservations.tsx(10,5): error TS6133: 'Calendar' is declared but its value is never read.
src/pages/admin/Reservations.tsx(11,5): error TS6133: 'MapPin' is declared but its value is never read.
src/pages/admin/Reservations.tsx(12,5): error TS6133: 'User' is declared but its value is never read.
src/pages/admin/Reservations.tsx(13,5): error TS6133: 'Car' is declared but its value is never read.
src/pages/admin/Reservations.tsx(16,5): error TS6133: 'Info' is declared but its value is never read.
src/pages/admin/Reservations.tsx(17,5): error TS6133: 'Eye' is declared but its value is never read.
src/pages/admin/Reservations.tsx(22,18): error TS6133: 'addDays' is declared but its value is never read.
src/pages/admin/Reservations.tsx(506,232): error TS2304: Cannot find name 'FileText'.
src/pages/admin/Reservations.tsx(507,203): error TS2304: Cannot find name 'Edit'.
src/pages/admin/Reservations.tsx(508,200): error TS2304: Cannot find name 'Trash2'.
src/pages/admin/Reservations.tsx(518,38): error TS2304: Cannot find name 'AlertCircle'.
src/pages/admin/reservations/ContractPrint.tsx(5,28): error TS6133: 'MapPin' is declared but its value is never read.
src/pages/admin/reservations/ContractPrint.tsx(5,36): error TS6133: 'Phone' is declared but its value is never read.
src/pages/admin/reservations/ContractPrint.tsx(5,43): error TS6133: 'Car' is declared but its value is never read.
src/pages/admin/reservations/ContractPrint.tsx(5,48): error TS6133: 'Gauge' is declared but its value is never read.
src/pages/admin/reservations/ContractPrint.tsx(5,55): error TS6133: 'Fuel' is declared but its value is never read.
src/pages/admin/reservations/ContractPrint.tsx(5,61): error TS6133: 'CheckCircle2' is declared but its value is never read.
src/pages/admin/reservations/ContractPrint.tsx(5,75): error TS6133: 'Clock' is declared but its value is never read.
